
> frontend@0.0.0 build
> tsc -b && vite build

src/components/AgentInterface.tsx(3,8): error TS1192: Module '"D:/phoneagent/frontend/node_modules/animejs/dist/modules/index"' has no default export.
src/components/OpeningAnimation.tsx(2,8): error TS1192: Module '"D:/phoneagent/frontend/node_modules/animejs/dist/modules/index"' has no default export.
src/components/OpeningAnimation.tsx(18,11): error TS6133: 'wrapper' is declared but its value is never read.
src/components/OpeningAnimation.tsx(41,11): error TS6133: 'totalCells' is declared but its value is never read.
